[jmvtechnologies.com.br/index.html]
[jmvtechnologies.com.br/cdn/shop/files/JMV_TECHNOLOGIES_MARCA_DAGUA_47bf6.png]
[backblue.gif]
[fade.gif]
[index.html]
[jmvtechnologies.com.br/cdn/shop/files/Logo_principal_funco_branco0135.png]
[jmvtechnologies.com.br/cdn/shop/t/6/assets/constants2800.js]
[jmvtechnologies.com.br/cdn/shop/t/6/assets/pubsub8fac.js]
[jmvtechnologies.com.br/cdn/shop/t/6/assets/global4bd6.js]
[jmvtechnologies.com.br/cdn/shop/t/6/assets/details-disclosuref26e.js]
[jmvtechnologies.com.br/cdn/shop/t/6/assets/details-modal37bf.js]
[jmvtechnologies.com.br/cdn/shop/t/6/assets/search-form100c.js]
[jmvtechnologies.com.br/cdn/shop/t/6/assets/animationsc261.js]
[jmvtechnologies.com.br/checkouts/internal/preloads4c33.js]
[cdn.shopify.com/shopifycloud/storefront-forms-hcaptcha/ce_storefront_forms_captcha_hcaptcha.v1.5.2.iife.js]
[jmvtechnologies.com.br/cdn/shopifycloud/shopify/assets/storefront/load_feature-c354cc1bc6f1fafc3e06e39f4fb0e1d9abdf763072ca394d606ca9f6f241e68a.js]
[jmvtechnologies.com.br/cdn/shopifycloud/portable-wallets/latest/portable-wallets.pt-br.js]
[jmvtechnologies.com.br/cdn/shop/t/6/compiled_assets/scriptsf4b9.js]
[jmvtechnologies.com.br/cdn/shopifycloud/portable-wallets/latest/accelerated-checkout-backwards-compat.css]
[jmvtechnologies.com.br/cdn/fonts/assistant/assistant_n4.bcd3d09dcb631dec5544b8fb7b154ff234a446304e08.woff2]
[jmvtechnologies.com.br/cdn/fonts/assistant/assistant_n4.a2d012304becc2a26f1ded1acc136fcab85c9afd14f1.woff]
[jmvtechnologies.com.br/cdn/fonts/assistant/assistant_n7.3335c7bdaddf2501ddab87cdbd9be98f3870e10dbff9.woff2]
[jmvtechnologies.com.br/cdn/fonts/assistant/assistant_n7.7c85f5c5cc1555de92cc7ef2790ee3cffe5237f5ede5.woff]
[jmvtechnologies.com.br/cdn/shop/t/6/assets/base8c25.css]
[jmvtechnologies.com.br/cdn/shop/t/6/assets/component-cart-itemsec23.css]
[jmvtechnologies.com.br/cdn/shop/t/6/assets/component-predictive-searchcbd5.css]
[jmvtechnologies.com.br/window.location]
[cdn.shopify.com/extensions/8c724db1-63b3-43d1-833b-f1fc4a64ec69/pagefly-page-builder-165/assets/pagefly-helper.js]
[cdn.shopify.com/extensions/8c724db1-63b3-43d1-833b-f1fc4a64ec69/pagefly-page-builder-165/assets/pagefly-general-helper.js]
[cdn.shopify.com/extensions/8c724db1-63b3-43d1-833b-f1fc4a64ec69/pagefly-page-builder-165/assets/pagefly-snap-slider.js]
[cdn.shopify.com/extensions/8c724db1-63b3-43d1-833b-f1fc4a64ec69/pagefly-page-builder-165/assets/pagefly-slideshow-v3.js]
[cdn.shopify.com/extensions/8c724db1-63b3-43d1-833b-f1fc4a64ec69/pagefly-page-builder-165/assets/pagefly-slideshow-v4.js]
[cdn.shopify.com/extensions/8c724db1-63b3-43d1-833b-f1fc4a64ec69/pagefly-page-builder-165/assets/pagefly-glider.js]
[cdn.shopify.com/extensions/8c724db1-63b3-43d1-833b-f1fc4a64ec69/pagefly-page-builder-165/assets/pagefly-slideshow-v1-v2.js]
[cdn.shopify.com/extensions/8c724db1-63b3-43d1-833b-f1fc4a64ec69/pagefly-page-builder-165/assets/pagefly-product-media.js]
[cdn.shopify.com/extensions/8c724db1-63b3-43d1-833b-f1fc4a64ec69/pagefly-page-builder-165/assets/pagefly-product.js]
[cdn.shopify.com/extensions/c298cb71-98a0-486c-bbaa-aec0cfa2211a/ck-whatsapp-chat-abandoned-9/assets/carthike.js]
[cdn.shopify.com/extensions/46c3bb00-ec51-4416-ab84-088ae69a80f9/instant-section-page-builder-34/assets/instant-core.min.js]
[jmvtechnologies.com.br/POST]
[jmvtechnologies.com.br/cdn]
[jmvtechnologies.com.br/cdn/s/trekkie.storefront.7f48c99429cb25be36839f7a7bcca2ac8a69827d.min.js]
[jmvtechnologies.com.br/cdn/shopifycloud/shopify/assets/shop_events_listener-b966a47fd0e23f25d41cf929bd8a50c9cc5344fafec4804f00937f2860a10097.js]
[jmvtechnologies.com.br/cdn/shopifycloud/perf-kit/shopify-perf-kit-1.6.6.min.js]
[jmvtechnologies.com.br/cdn/shop/t/6/assets/component-slideshowd224.css]
[jmvtechnologies.com.br/cdn/shop/t/6/assets/component-sliderd156.css]
[jmvtechnologies.com.br/cdn/shop/t/6/assets/component-list-social5c87.css]
[jmvtechnologies.com.br/cdn/shop/t/6/assets/component-list-menucd56.css]
[jmvtechnologies.com.br/cdn/shop/t/6/assets/component-search9b7d.css]
[jmvtechnologies.com.br/cdn/shop/t/6/assets/component-menu-drawerbd64.css]
[jmvtechnologies.com.br/cdn/shop/t/6/assets/component-cart-notification9806.css]
[jmvtechnologies.com.br/cdn/shop/t/6/assets/component-pricef35e.css]
[jmvtechnologies.com.br/cdn/shop/t/6/assets/cart-notification3e16.js]
[jmvtechnologies.com.br/collections/all.html]
[jmvtechnologies.com.br/pages/parceiros.html]
[jmvtechnologies.com.br/pages/contact.html]
[jmvtechnologies.com.br/cdn/shop/files/Logo_principal_funco_branco17fd.png]
[jmvtechnologies.com.br/cart.html]
[jmvtechnologies.com.br/cdn/shop/t/6/assets/section-image-banner8b6f.css]
[jmvtechnologies.com.br/cdn/shop/files/JMV_TECHNOLOGIES_MOCKUP_4_f8087d13-66a1-44b8-88e9-daa383c3db1bae49.jpg]
[jmvtechnologies.com.br/cdn/shop/t/6/assets/component-cardc8f8.css]
[jmvtechnologies.com.br/cdn/shop/t/6/assets/template-collection6868.css]
[jmvtechnologies.com.br/cdn/shop/t/6/assets/component-ratingb22c.css]
[jmvtechnologies.com.br/cdn/shop/t/6/assets/component-volume-pricinge393.css]
[jmvtechnologies.com.br/cdn/shop/t/6/assets/quick-order-list75c1.css]
[jmvtechnologies.com.br/cdn/shop/t/6/assets/quantity-popoveraad8.css]
[jmvtechnologies.com.br/cdn/shop/files/jblgo3_1db15.png]
[jmvtechnologies.com.br/cdn/shop/files/jblgo3_2cf8e.png]
[jmvtechnologies.com.br/products/caixa-de-som-bluetooth-jbl-go3-ipx7-potencia-de-4-2-w-rms.html]
[jmvtechnologies.com.br/cdn/shop/files/jblwave_15ce4.png]
[jmvtechnologies.com.br/cdn/shop/files/jblwave_25ce4.png]
[jmvtechnologies.com.br/products/fones-de-ouvido-bluetooth-jbl-wave-buds-produto-original-e-com-garantia-de-fabrica.html]
[jmvtechnologies.com.br/cdn/shop/files/jblc50hi_1ab2c.png]
[jmvtechnologies.com.br/products/fone-de-ouvido-com-fio-jbl-c50hi-produto-original-e-com-garantia-de-fabrica.html]
[jmvtechnologies.com.br/cdn/shop/files/jbltune110_1e2e6.png]
[jmvtechnologies.com.br/cdn/shop/files/jbltune110_2e2e6.png]
[jmvtechnologies.com.br/products/fone-de-ouvido-com-fio-jbl-tune-110.html]
[jmvtechnologies.com.br/cdn/shop/files/jbltune_1d413.png]
[jmvtechnologies.com.br/cdn/shop/files/jbltune_2d413.png]
[jmvtechnologies.com.br/products/headphone-jbl-tune-520bt-bluetooth-produto-original-e-com-garantia-de-fabrica.html]
[jmvtechnologies.com.br/cdn/shop/files/headsetH39015381.jpg]
[jmvtechnologies.com.br/cdn/shop/products/headsetH39022a8b.jpg]
[jmvtechnologies.com.br/products/headset-logitech-h390-preto-estereo-usb.html]
[jmvtechnologies.com.br/cdn/shop/files/KittecladomouseMK235-10810.jpg]
[jmvtechnologies.com.br/cdn/shop/files/KittecladomouseMK235-20810.jpg]
[jmvtechnologies.com.br/products/kit-teclado-e-mouse-logitech-mk235-preto-sem-fio.html]
[jmvtechnologies.com.br/cdn/shop/files/KittecladomouseMK295-15c4e.jpg]
[jmvtechnologies.com.br/products/kit-teclado-e-mouse-logitech-mk295-preto-sem-fio.html]
[jmvtechnologies.com.br/cdn/shop/t/6/assets/section-footer370f.css]
[jmvtechnologies.com.br/cdn/shop/t/6/assets/component-newsletterf642.css]
[jmvtechnologies.com.br/cdn/shop/t/6/assets/component-list-paymentc77b.css]
[jmvtechnologies.com.br/index.html]
[jmvtechnologies.com.br/cdn/shopifycloud/portable-wallets/latest/accelerated-checkout-backwards-compat.css]
[jmvtechnologies.com.br/cdn/shop/t/6/assets/predictive-searchd46e.js]
[jmvtechnologies.com.br/cdn/shop/t/6/assets/sparkle.gif]
[jmvtechnologies.com.br/cdn/shop/t/6/assets/base8c25.css]
[jmvtechnologies.com.br/cdn/shop/t/6/assets/component-cart-itemsec23.css]
[jmvtechnologies.com.br/cdn/shop/t/6/assets/component-predictive-searchcbd5.css]
[jmvtechnologies.com.br/window.html]
[jmvtechnologies.com.br/POST.html]
[jmvtechnologies.com.br/cdn.html]
[jmvtechnologies.com.br/cdn/shop/t/6/assets/component-slideshowd224.css]
[jmvtechnologies.com.br/cdn/shop/t/6/assets/component-sliderd156.css]
[jmvtechnologies.com.br/cdn/shop/t/6/assets/component-list-social5c87.css]
[jmvtechnologies.com.br/cdn/shop/t/6/assets/component-list-menucd56.css]
[jmvtechnologies.com.br/cdn/shop/t/6/assets/component-search9b7d.css]
[jmvtechnologies.com.br/cdn/shop/t/6/assets/component-menu-drawerbd64.css]
[jmvtechnologies.com.br/cdn/shop/t/6/assets/component-cart-notification9806.css]
[jmvtechnologies.com.br/cdn/shop/t/6/assets/component-pricef35e.css]
[jmvtechnologies.com.br/collections/all.atom]
[jmvtechnologies.com.br/collections/window.location]
[jmvtechnologies.com.br/collections/POST]
[jmvtechnologies.com.br/cdn/shop/t/6/assets/component-collection-heroaa38.css]
[jmvtechnologies.com.br/cdn/shop/t/6/assets/component-facets842c.css]
[jmvtechnologies.com.br/cdn/shop/t/6/assets/facets8841.js]
[jmvtechnologies.com.br/cdn/shop/t/6/assets/component-show-more2775.css]
[jmvtechnologies.com.br/cdn/shop/t/6/assets/component-swatch-inpute447.css]
[jmvtechnologies.com.br/cdn/shop/t/6/assets/component-swatchf0b7.css]
[jmvtechnologies.com.br/cdn/shop/t/6/assets/show-more2bad.js]
[jmvtechnologies.com.br/cdn/shop/files/Notebook82MGS00200-Fujioka17f83.png]
[jmvtechnologies.com.br/cdn/shop/files/Notebook82MGS00200-Fujioka27f83.png]
[jmvtechnologies.com.br/products/notebook-lenovo-ideapad-gaming-3i-linux-82mgs00200.html]
[jmvtechnologies.com.br/cdn/shop/files/82me000vbr-16e6b.jpg]
[jmvtechnologies.com.br/cdn/shop/files/82me000vbr-26e6b.jpg]
[jmvtechnologies.com.br/products/notebook-lenovo-v15-g2-i5-8gb-256-2gb-w11pro-82me000vbr.html]
[jmvtechnologies.com.br/cdn/shop/files/samsumgbook_17a54.png]
[jmvtechnologies.com.br/cdn/shop/files/samsumgbook_27a54.png]
[jmvtechnologies.com.br/collections/all.html]
[jmvtechnologies.com.br/products/notebook-samsung-book-intel®-core-i3-1115g4-windows-11-home-4gb-256gb-ssd-15-6-full-hd-led.html]
[jmvtechnologies.com.br/pages/window.location]
[jmvtechnologies.com.br/pages/POST]
[jmvtechnologies.com.br/pages/parceiros.html]
[jmvtechnologies.com.br/cdn/shop/t/6/assets/section-main-page94dc.css]
[jmvtechnologies.com.br/pages/contact.html]
[jmvtechnologies.com.br/cdn/shop/t/6/assets/section-contact-form578d.css]
[jmvtechnologies.com.br/cdn/shop/t/6/assets/component-carteeb8.css]
[jmvtechnologies.com.br/cdn/shop/t/6/assets/component-totalsa260.css]
[jmvtechnologies.com.br/cdn/shop/t/6/assets/component-discounts26f3.css]
[jmvtechnologies.com.br/cdn/shop/t/6/assets/cart0b9d.js]
[jmvtechnologies.com.br/cart.html]
[jmvtechnologies.com.br/cdn/shop/t/6/assets/section-image-banner8b6f.css]
[jmvtechnologies.com.br/cdn/shop/t/6/assets/component-cardc8f8.css]
[jmvtechnologies.com.br/cdn/shop/t/6/assets/template-collection6868.css]
[jmvtechnologies.com.br/cdn/shop/t/6/assets/component-ratingb22c.css]
[jmvtechnologies.com.br/cdn/shop/t/6/assets/component-volume-pricinge393.css]
[jmvtechnologies.com.br/cdn/shop/t/6/assets/quick-order-list75c1.css]
[jmvtechnologies.com.br/cdn/shop/t/6/assets/quantity-popoveraad8.css]
[jmvtechnologies.com.br/cdn/shop/t/6/assets/quantity-popoverf632.js]
[jmvtechnologies.com.br/cdn/shop/files/jblgo3_15f5e.png]
[jmvtechnologies.com.br/products/caixa-de-som-bluetooth-jbl-go3-ipx7-potencia-de-4-2-w-rms.oembed]
[jmvtechnologies.com.br/products/window.location]
[jmvtechnologies.com.br/products/POST]
[jmvtechnologies.com.br/cdn/shop/t/6/assets/section-main-product4881.css]
[jmvtechnologies.com.br/cdn/shop/t/6/assets/component-accordiona2bd.css]
[jmvtechnologies.com.br/cdn/shop/t/6/assets/component-deferred-mediad062.css]
[jmvtechnologies.com.br/cdn/shop/t/6/assets/product-infob622.js]
[jmvtechnologies.com.br/cdn/shop/t/6/assets/product-form0653.js]
[jmvtechnologies.com.br/cdn/shop/files/jblgo3_17130.png]
[jmvtechnologies.com.br/cdn/shop/files/jblgo3_2c6b9.png]
[jmvtechnologies.com.br/cdn/shop/files/jblgo3_3c6b9.png]
[jmvtechnologies.com.br/cdn/shop/files/jblgo3_47130.png]
[jmvtechnologies.com.br/cdn/shop/t/6/assets/component-pickup-availabilitya03c.css]
[jmvtechnologies.com.br/cdn/shop/t/6/assets/pickup-availability8ed2.js]
[jmvtechnologies.com.br/cdn/shop/t/6/assets/shared369.js]
[jmvtechnologies.com.br/cdn/shop/files/jblgo3_17fa7.png]
[jmvtechnologies.com.br/cdn/shop/files/jblgo3_25ef1.png]
[jmvtechnologies.com.br/cdn/shop/files/jblgo3_35ef1.png]
[jmvtechnologies.com.br/cdn/shop/files/jblgo3_47fa7.png]
[jmvtechnologies.com.br/cdn/shop/t/6/assets/product-modal73f5.js]
[jmvtechnologies.com.br/cdn/shop/t/6/assets/media-galleryde3e.js]
[jmvtechnologies.com.br/products/caixa-de-som-bluetooth-jbl-go3-ipx7-potencia-de-4-2-w-rms.html]
[jmvtechnologies.com.br/cdn/shop/t/6/assets/section-related-productsf14c.css]
[jmvtechnologies.com.br/cdn/shop/files/jblwave_1e93f.png]
[jmvtechnologies.com.br/products/fones-de-ouvido-bluetooth-jbl-wave-buds-produto-original-e-com-garantia-de-fabrica.oembed]
[jmvtechnologies.com.br/cdn/shop/files/jblwave_1e3c3.png]
[jmvtechnologies.com.br/cdn/shop/files/jblwave_2e3c3.png]
[jmvtechnologies.com.br/cdn/shop/files/jblwave_33136.png]
[jmvtechnologies.com.br/cdn/shop/files/jblwave_4e3c3.png]
[jmvtechnologies.com.br/cdn/shop/files/jblwave_53136.png]
[jmvtechnologies.com.br/cdn/shop/files/jblwave_128da.png]
[jmvtechnologies.com.br/cdn/shop/files/jblwave_228da.png]
[jmvtechnologies.com.br/cdn/shop/files/jblwave_340c8.png]
[jmvtechnologies.com.br/cdn/shop/files/jblwave_428da.png]
[jmvtechnologies.com.br/cdn/shop/files/jblwave_540c8.png]
[jmvtechnologies.com.br/products/fones-de-ouvido-bluetooth-jbl-wave-buds-produto-original-e-com-garantia-de-fabrica.html]
[jmvtechnologies.com.br/cdn/shop/files/jblc50hi_167db.png]
[jmvtechnologies.com.br/products/fone-de-ouvido-com-fio-jbl-c50hi-produto-original-e-com-garantia-de-fabrica.oembed]
[jmvtechnologies.com.br/cdn/shop/files/jblc50hi_17e79.png]
[jmvtechnologies.com.br/cdn/shop/files/jblc50hi_1a0ed.png]
[jmvtechnologies.com.br/products/fone-de-ouvido-com-fio-jbl-c50hi-produto-original-e-com-garantia-de-fabrica.html]
[jmvtechnologies.com.br/cdn/shop/files/jbltune110_1ffb5.png]
[jmvtechnologies.com.br/products/fone-de-ouvido-com-fio-jbl-tune-110.oembed]
[jmvtechnologies.com.br/cdn/shop/t/6/assets/component-product-variant-picker86b6.css]
[jmvtechnologies.com.br/cdn/shop/files/jbltune110_1faf3.png]
[jmvtechnologies.com.br/cdn/shop/files/jbltune110_2faf3.png]
[jmvtechnologies.com.br/cdn/shop/files/jbltune110_3faf3.png]
[jmvtechnologies.com.br/cdn/shop/files/jbltune110_19ab2.png]
[jmvtechnologies.com.br/cdn/shop/files/jbltune110_29ab2.png]
[jmvtechnologies.com.br/cdn/shop/files/jbltune110_39ab2.png]
[jmvtechnologies.com.br/cdn/shop/products/jbltune110_4eae7.png]
[jmvtechnologies.com.br/products/fone-de-ouvido-com-fio-jbl-tune-110.html]
[jmvtechnologies.com.br/cdn/shop/files/jbltune_172bc.png]
[jmvtechnologies.com.br/products/headphone-jbl-tune-520bt-bluetooth-produto-original-e-com-garantia-de-fabrica.oembed]
[jmvtechnologies.com.br/cdn/shop/files/jbltune_13b9a.png]
[jmvtechnologies.com.br/cdn/shop/files/jbltune_23b9a.png]
[jmvtechnologies.com.br/cdn/shop/files/jbltune_33b9a.png]
[jmvtechnologies.com.br/cdn/shop/files/jbltune_43b9a.png]
[jmvtechnologies.com.br/cdn/shop/files/jbltune_52626.png]
[jmvtechnologies.com.br/cdn/shop/files/jbltune_1dfc4.png]
[jmvtechnologies.com.br/cdn/shop/files/jbltune_2dfc4.png]
[jmvtechnologies.com.br/cdn/shop/files/jbltune_3dfc4.png]
[jmvtechnologies.com.br/cdn/shop/files/jbltune_4dfc4.png]
[jmvtechnologies.com.br/cdn/shop/files/jbltune_5b35d.png]
[jmvtechnologies.com.br/cdn/shop/products/jbltune_6b838.png]
[jmvtechnologies.com.br/products/headphone-jbl-tune-520bt-bluetooth-produto-original-e-com-garantia-de-fabrica.html]
[jmvtechnologies.com.br/cdn/shop/files/headsetH39011f15.jpg]
[jmvtechnologies.com.br/products/headset-logitech-h390-preto-estereo-usb.oembed]
[jmvtechnologies.com.br/cdn/shop/files/headsetH39011b2e.jpg]
[jmvtechnologies.com.br/cdn/shop/files/headsetH3901b848.jpg]
[jmvtechnologies.com.br/cdn/shop/products/headsetH3902029a.jpg]
[jmvtechnologies.com.br/cdn/shop/products/headsetH390348f9.jpg]
[jmvtechnologies.com.br/products/headset-logitech-h390-preto-estereo-usb.html]
[jmvtechnologies.com.br/cdn/shop/files/KittecladomouseMK235-128e9.jpg]
[jmvtechnologies.com.br/products/kit-teclado-e-mouse-logitech-mk235-preto-sem-fio.oembed]
[jmvtechnologies.com.br/cdn/shop/files/KittecladomouseMK235-1533d.jpg]
[jmvtechnologies.com.br/cdn/shop/files/KittecladomouseMK235-2533d.jpg]
[jmvtechnologies.com.br/cdn/shop/files/KittecladomouseMK235-1e794.jpg]
[jmvtechnologies.com.br/cdn/shop/files/KittecladomouseMK235-2e794.jpg]
[jmvtechnologies.com.br/products/kit-teclado-e-mouse-logitech-mk235-preto-sem-fio.html]
[jmvtechnologies.com.br/cdn/shop/files/KittecladomouseMK295-156f6.jpg]
[jmvtechnologies.com.br/products/kit-teclado-e-mouse-logitech-mk295-preto-sem-fio.oembed]
[jmvtechnologies.com.br/cdn/shop/files/KittecladomouseMK295-12284.jpg]
[jmvtechnologies.com.br/cdn/shop/files/KittecladomouseMK295-17341.jpg]
[jmvtechnologies.com.br/products/kit-teclado-e-mouse-logitech-mk295-preto-sem-fio.html]
[jmvtechnologies.com.br/cdn/shop/t/6/assets/section-footer370f.css]
[jmvtechnologies.com.br/cdn/shop/t/6/assets/component-newsletterf642.css]
[jmvtechnologies.com.br/cdn/shop/t/6/assets/component-list-paymentc77b.css]
[jmvtechnologies.com.br/collections/window.location]
[jmvtechnologies.com.br/collections/POST.html]
[jmvtechnologies.com.br/cdn/shop/t/6/assets/component-collection-heroaa38.css]
[jmvtechnologies.com.br/cdn/shop/t/6/assets/component-facets842c.css]
[jmvtechnologies.com.br/cdn/shop/t/6/assets/component-show-more2775.css]
[jmvtechnologies.com.br/cdn/shop/t/6/assets/component-swatch-inpute447.css]
[jmvtechnologies.com.br/cdn/shop/t/6/assets/component-swatchf0b7.css]
[jmvtechnologies.com.br/cdn/shop/files/Notebook82MGS00200-Fujioka1c3ca.png]
[jmvtechnologies.com.br/products/notebook-lenovo-ideapad-gaming-3i-linux-82mgs00200.oembed]
[jmvtechnologies.com.br/cdn/shop/files/Notebook82MGS00200-Fujioka1369e.png]
[jmvtechnologies.com.br/cdn/shop/files/Notebook82MGS00200-Fujioka2369e.png]
[jmvtechnologies.com.br/cdn/shop/files/Notebook82MGS00200-Fujioka3369e.png]
[jmvtechnologies.com.br/cdn/shop/files/Notebook82MGS00200-Fujioka4369e.png]
[jmvtechnologies.com.br/cdn/shop/files/Notebook82MGS00200-Fujioka17ff4.png]
[jmvtechnologies.com.br/cdn/shop/files/Notebook82MGS00200-Fujioka27ff4.png]
[jmvtechnologies.com.br/cdn/shop/files/Notebook82MGS00200-Fujioka37ff4.png]
[jmvtechnologies.com.br/cdn/shop/files/Notebook82MGS00200-Fujioka47ff4.png]
[jmvtechnologies.com.br/products/notebook-lenovo-ideapad-gaming-3i-linux-82mgs00200.html]
[jmvtechnologies.com.br/cdn/shop/files/82me000vbr-1bc34.jpg]
[jmvtechnologies.com.br/products/notebook-lenovo-v15-g2-i5-8gb-256-2gb-w11pro-82me000vbr.oembed]
[jmvtechnologies.com.br/cdn/shop/files/82me000vbr-1c819.jpg]
[jmvtechnologies.com.br/cdn/shop/files/82me000vbr-2c819.jpg]
[jmvtechnologies.com.br/cdn/shop/files/82me000vbr-3c819.jpg]
[jmvtechnologies.com.br/cdn/shop/files/82me000vbr-4c819.jpg]
[jmvtechnologies.com.br/cdn/shop/files/82me000vbr-18ce0.jpg]
[jmvtechnologies.com.br/cdn/shop/files/82me000vbr-28ce0.jpg]
[jmvtechnologies.com.br/cdn/shop/files/82me000vbr-38ce0.jpg]
[jmvtechnologies.com.br/cdn/shop/files/82me000vbr-48ce0.jpg]
[jmvtechnologies.com.br/products/notebook-lenovo-v15-g2-i5-8gb-256-2gb-w11pro-82me000vbr.html]
[jmvtechnologies.com.br/cdn/shop/files/samsumgbook_1356d.png]
[jmvtechnologies.com.br/products/notebook-samsung-book-intel®-core-i3-1115g4-windows-11-home-4gb-256gb-ssd-15-6-full-hd-led.oembed]
[jmvtechnologies.com.br/cdn/shop/files/samsumgbook_19399.png]
[jmvtechnologies.com.br/cdn/shop/files/samsumgbook_29399.png]
[jmvtechnologies.com.br/cdn/shop/files/samsumgbook_39399.png]
[jmvtechnologies.com.br/cdn/shop/files/samsumgbook_49399.png]
[jmvtechnologies.com.br/cdn/shop/files/samsumgbook_18a3f.png]
[jmvtechnologies.com.br/cdn/shop/files/samsumgbook_28a3f.png]
[jmvtechnologies.com.br/cdn/shop/files/samsumgbook_38a3f.png]
[jmvtechnologies.com.br/cdn/shop/files/samsumgbook_48a3f.png]
[jmvtechnologies.com.br/products/notebook-samsung-book-intel®-core-i3-1115g4-windows-11-home-4gb-256gb-ssd-15-6-full-hd-led.html]
[jmvtechnologies.com.br/pages/window.location]
[jmvtechnologies.com.br/pages/POST.html]
[jmvtechnologies.com.br/cdn/shop/t/6/assets/section-main-page94dc.css]
[jmvtechnologies.com.br/cdn/shop/t/6/assets/section-contact-form578d.css]
[jmvtechnologies.com.br/cdn/shop/t/6/assets/component-carteeb8.css]
[jmvtechnologies.com.br/cdn/shop/t/6/assets/component-totalsa260.css]
[jmvtechnologies.com.br/cdn/shop/t/6/assets/component-discounts26f3.css]
[jmvtechnologies.com.br/products/window.location]
[jmvtechnologies.com.br/products/POST.html]
[jmvtechnologies.com.br/cdn/shop/t/6/assets/section-main-product4881.css]
[jmvtechnologies.com.br/cdn/shop/t/6/assets/component-accordiona2bd.css]
[jmvtechnologies.com.br/cdn/shop/t/6/assets/component-deferred-mediad062.css]
[jmvtechnologies.com.br/cdn/shop/t/6/assets/component-pickup-availabilitya03c.css]
[jmvtechnologies.com.br/cdn/shop/t/6/assets/section-related-productsf14c.css]
[jmvtechnologies.com.br/cdn/shop/t/6/assets/component-product-variant-picker86b6.css]
